
  .   ____          _            __ _ _
 /\\ / ___'_ __ _ _(_)_ __  __ _ \ \ \ \
( ( )\___ | '_ | '_| | '_ \/ _` | \ \ \ \
 \\/  ___)| |_)| | | | | || (_| |  ) ) ) )
  '  |____| .__|_| |_|_| |_\__, | / / / /
 =========|_|==============|___/=/_/_/_/
 :: Spring Boot ::                (v3.2.3)

2026-03-14T12:07:00.787+05:30  INFO 4048 --- [appointment-service] [           main] c.m.a.AppointmentServiceApplication      : Starting AppointmentServiceApplication v0.0.1-SNAPSHOT using Java 25.0.1 with PID 4048 (E:\capgemini-training-JAVA\java-advanced\projects\case-study\microservice1\appointment-service\target\appointment-service-0.0.1-SNAPSHOT.jar started by Girish in E:\capgemini-training-JAVA\java-advanced\projects\case-study\microservice1\appointment-service)
2026-03-14T12:07:00.790+05:30  INFO 4048 --- [appointment-service] [           main] c.m.a.AppointmentServiceApplication      : No active profile set, falling back to 1 default profile: "default"
2026-03-14T12:07:01.731+05:30  INFO 4048 --- [appointment-service] [           main] .s.d.r.c.RepositoryConfigurationDelegate : Bootstrapping Spring Data JPA repositories in DEFAULT mode.
2026-03-14T12:07:01.932+05:30  INFO 4048 --- [appointment-service] [           main] .s.d.r.c.RepositoryConfigurationDelegate : Finished Spring Data repository scanning in 184 ms. Found 1 JPA repository interface.
2026-03-14T12:07:02.271+05:30  INFO 4048 --- [appointment-service] [           main] o.s.cloud.context.scope.GenericScope     : BeanFactory id=cf7e0118-6602-35f7-8863-cc472b69e2f4
2026-03-14T12:07:02.420+05:30  WARN 4048 --- [appointment-service] [           main] trationDelegate$BeanPostProcessorChecker : Bean 'org.springframework.cloud.client.loadbalancer.LoadBalancerAutoConfiguration$LoadBalancerInterceptorConfig' of type [org.springframework.cloud.client.loadbalancer.LoadBalancerAutoConfiguration$LoadBalancerInterceptorConfig] is not eligible for getting processed by all BeanPostProcessors (for example: not eligible for auto-proxying). The currently created BeanPostProcessor [lbRestClientPostProcessor] is declared through a non-static factory method on that class; consider declaring it as static instead.
2026-03-14T12:07:02.423+05:30  WARN 4048 --- [appointment-service] [           main] trationDelegate$BeanPostProcessorChecker : Bean 'org.springframework.cloud.loadbalancer.config.BlockingLoadBalancerClientAutoConfiguration' of type [org.springframework.cloud.loadbalancer.config.BlockingLoadBalancerClientAutoConfiguration] is not eligible for getting processed by all BeanPostProcessors (for example: not eligible for auto-proxying). Is this bean getting eagerly injected into a currently created BeanPostProcessor [lbRestClientPostProcessor]? Check the corresponding BeanPostProcessor declaration and its dependencies.
2026-03-14T12:07:02.424+05:30  WARN 4048 --- [appointment-service] [           main] trationDelegate$BeanPostProcessorChecker : Bean 'org.springframework.cloud.loadbalancer.config.LoadBalancerAutoConfiguration' of type [org.springframework.cloud.loadbalancer.config.LoadBalancerAutoConfiguration] is not eligible for getting processed by all BeanPostProcessors (for example: not eligible for auto-proxying). Is this bean getting eagerly injected into a currently created BeanPostProcessor [lbRestClientPostProcessor]? Check the corresponding BeanPostProcessor declaration and its dependencies.
2026-03-14T12:07:02.441+05:30  WARN 4048 --- [appointment-service] [           main] trationDelegate$BeanPostProcessorChecker : Bean 'org.springframework.cloud.commons.config.CommonsConfigAutoConfiguration' of type [org.springframework.cloud.commons.config.CommonsConfigAutoConfiguration] is not eligible for getting processed by all BeanPostProcessors (for example: not eligible for auto-proxying). Is this bean getting eagerly injected into a currently created BeanPostProcessor [lbRestClientPostProcessor]? Check the corresponding BeanPostProcessor declaration and its dependencies.
2026-03-14T12:07:02.444+05:30  WARN 4048 --- [appointment-service] [           main] trationDelegate$BeanPostProcessorChecker : Bean 'org.springframework.cloud.client.loadbalancer.LoadBalancerDefaultMappingsProviderAutoConfiguration' of type [org.springframework.cloud.client.loadbalancer.LoadBalancerDefaultMappingsProviderAutoConfiguration] is not eligible for getting processed by all BeanPostProcessors (for example: not eligible for auto-proxying). Is this bean getting eagerly injected into a currently created BeanPostProcessor [lbRestClientPostProcessor]? Check the corresponding BeanPostProcessor declaration and its dependencies.
2026-03-14T12:07:02.446+05:30  WARN 4048 --- [appointment-service] [           main] trationDelegate$BeanPostProcessorChecker : Bean 'loadBalancerClientsDefaultsMappingsProvider' of type [org.springframework.cloud.client.loadbalancer.LoadBalancerDefaultMappingsProviderAutoConfiguration$$Lambda/0x00000000812c57e0] is not eligible for getting processed by all BeanPostProcessors (for example: not eligible for auto-proxying). Is this bean getting eagerly injected into a currently created BeanPostProcessor [lbRestClientPostProcessor]? Check the corresponding BeanPostProcessor declaration and its dependencies.
2026-03-14T12:07:02.447+05:30  WARN 4048 --- [appointment-service] [           main] trationDelegate$BeanPostProcessorChecker : Bean 'defaultsBindHandlerAdvisor' of type [org.springframework.cloud.commons.config.DefaultsBindHandlerAdvisor] is not eligible for getting processed by all BeanPostProcessors (for example: not eligible for auto-proxying). Is this bean getting eagerly injected into a currently created BeanPostProcessor [lbRestClientPostProcessor]? Check the corresponding BeanPostProcessor declaration and its dependencies.
2026-03-14T12:07:02.456+05:30  WARN 4048 --- [appointment-service] [           main] trationDelegate$BeanPostProcessorChecker : Bean 'spring.cloud.loadbalancer-org.springframework.cloud.client.loadbalancer.LoadBalancerClientsProperties' of type [org.springframework.cloud.client.loadbalancer.LoadBalancerClientsProperties] is not eligible for getting processed by all BeanPostProcessors (for example: not eligible for auto-proxying). Is this bean getting eagerly injected into a currently created BeanPostProcessor [lbRestClientPostProcessor]? Check the corresponding BeanPostProcessor declaration and its dependencies.
2026-03-14T12:07:02.467+05:30  WARN 4048 --- [appointment-service] [           main] trationDelegate$BeanPostProcessorChecker : Bean 'default.org.springframework.cloud.loadbalancer.config.LoadBalancerAutoConfiguration.LoadBalancerClientSpecification' of type [org.springframework.cloud.loadbalancer.annotation.LoadBalancerClientSpecification] is not eligible for getting processed by all BeanPostProcessors (for example: not eligible for auto-proxying). Is this bean getting eagerly injected into a currently created BeanPostProcessor [lbRestClientPostProcessor]? Check the corresponding BeanPostProcessor declaration and its dependencies.
2026-03-14T12:07:02.468+05:30  WARN 4048 --- [appointment-service] [           main] trationDelegate$BeanPostProcessorChecker : Bean 'default.org.springframework.cloud.loadbalancer.config.BlockingLoadBalancerClientAutoConfiguration.LoadBalancerClientSpecification' of type [org.springframework.cloud.loadbalancer.annotation.LoadBalancerClientSpecification] is not eligible for getting processed by all BeanPostProcessors (for example: not eligible for auto-proxying). Is this bean getting eagerly injected into a currently created BeanPostProcessor [lbRestClientPostProcessor]? Check the corresponding BeanPostProcessor declaration and its dependencies.
2026-03-14T12:07:02.469+05:30  WARN 4048 --- [appointment-service] [           main] trationDelegate$BeanPostProcessorChecker : Bean 'default.org.springframework.cloud.netflix.eureka.loadbalancer.LoadBalancerEurekaAutoConfiguration.LoadBalancerClientSpecification' of type [org.springframework.cloud.loadbalancer.annotation.LoadBalancerClientSpecification] is not eligible for getting processed by all BeanPostProcessors (for example: not eligible for auto-proxying). Is this bean getting eagerly injected into a currently created BeanPostProcessor [lbRestClientPostProcessor]? Check the corresponding BeanPostProcessor declaration and its dependencies.
2026-03-14T12:07:02.472+05:30  WARN 4048 --- [appointment-service] [           main] trationDelegate$BeanPostProcessorChecker : Bean 'loadBalancerClientFactory' of type [org.springframework.cloud.loadbalancer.support.LoadBalancerClientFactory] is not eligible for getting processed by all BeanPostProcessors (for example: not eligible for auto-proxying). Is this bean getting eagerly injected into a currently created BeanPostProcessor [lbRestClientPostProcessor]? Check the corresponding BeanPostProcessor declaration and its dependencies.
2026-03-14T12:07:02.477+05:30  WARN 4048 --- [appointment-service] [           main] trationDelegate$BeanPostProcessorChecker : Bean 'blockingLoadBalancerClient' of type [org.springframework.cloud.loadbalancer.blocking.client.BlockingLoadBalancerClient] is not eligible for getting processed by all BeanPostProcessors (for example: not eligible for auto-proxying). Is this bean getting eagerly injected into a currently created BeanPostProcessor [lbRestClientPostProcessor]? Check the corresponding BeanPostProcessor declaration and its dependencies.
2026-03-14T12:07:02.490+05:30  WARN 4048 --- [appointment-service] [           main] trationDelegate$BeanPostProcessorChecker : Bean 'loadBalancerServiceInstanceCookieTransformer' of type [org.springframework.cloud.loadbalancer.core.LoadBalancerServiceInstanceCookieTransformer] is not eligible for getting processed by all BeanPostProcessors (for example: not eligible for auto-proxying). Is this bean getting eagerly injected into a currently created BeanPostProcessor [lbRestClientPostProcessor]? Check the corresponding BeanPostProcessor declaration and its dependencies.
2026-03-14T12:07:02.493+05:30  WARN 4048 --- [appointment-service] [           main] trationDelegate$BeanPostProcessorChecker : Bean 'xForwarderHeadersTransformer' of type [org.springframework.cloud.loadbalancer.blocking.XForwardedHeadersTransformer] is not eligible for getting processed by all BeanPostProcessors (for example: not eligible for auto-proxying). Is this bean getting eagerly injected into a currently created BeanPostProcessor [lbRestClientPostProcessor]? Check the corresponding BeanPostProcessor declaration and its dependencies.
2026-03-14T12:07:02.496+05:30  WARN 4048 --- [appointment-service] [           main] trationDelegate$BeanPostProcessorChecker : Bean 'org.springframework.cloud.client.loadbalancer.LoadBalancerAutoConfiguration' of type [org.springframework.cloud.client.loadbalancer.LoadBalancerAutoConfiguration] is not eligible for getting processed by all BeanPostProcessors (for example: not eligible for auto-proxying). Is this bean getting eagerly injected into a currently created BeanPostProcessor [lbRestClientPostProcessor]? Check the corresponding BeanPostProcessor declaration and its dependencies.
2026-03-14T12:07:02.498+05:30  WARN 4048 --- [appointment-service] [           main] trationDelegate$BeanPostProcessorChecker : Bean 'loadBalancerRequestFactory' of type [org.springframework.cloud.client.loadbalancer.LoadBalancerRequestFactory] is not eligible for getting processed by all BeanPostProcessors (for example: not eligible for auto-proxying). Is this bean getting eagerly injected into a currently created BeanPostProcessor [lbRestClientPostProcessor]? Check the corresponding BeanPostProcessor declaration and its dependencies.
2026-03-14T12:07:02.501+05:30  WARN 4048 --- [appointment-service] [           main] trationDelegate$BeanPostProcessorChecker : Bean 'loadBalancerInterceptor' of type [org.springframework.cloud.client.loadbalancer.LoadBalancerInterceptor] is not eligible for getting processed by all BeanPostProcessors (for example: not eligible for auto-proxying). Is this bean getting eagerly injected into a currently created BeanPostProcessor [lbRestClientPostProcessor]? Check the corresponding BeanPostProcessor declaration and its dependencies.
WARNING: A restricted method in java.lang.System has been called
WARNING: java.lang.System::load has been called by org.apache.tomcat.jni.Library in an unnamed module (jar:nested:/E:/capgemini-training-JAVA/java-advanced/projects/case-study/microservice1/appointment-service/target/appointment-service-0.0.1-SNAPSHOT.jar/!BOOT-INF/lib/tomcat-embed-core-10.1.19.jar!/)
WARNING: Use --enable-native-access=ALL-UNNAMED to avoid a warning for callers in this module
WARNING: Restricted methods will be blocked in a future release unless native access is enabled

2026-03-14T12:07:02.907+05:30  INFO 4048 --- [appointment-service] [           main] o.s.b.w.embedded.tomcat.TomcatWebServer  : Tomcat initialized with port 8083 (http)
2026-03-14T12:07:02.931+05:30  INFO 4048 --- [appointment-service] [           main] o.apache.catalina.core.StandardService   : Starting service [Tomcat]
2026-03-14T12:07:02.932+05:30  INFO 4048 --- [appointment-service] [           main] o.apache.catalina.core.StandardEngine    : Starting Servlet engine: [Apache Tomcat/10.1.19]
2026-03-14T12:07:03.009+05:30  INFO 4048 --- [appointment-service] [           main] o.a.c.c.C.[Tomcat].[localhost].[/]       : Initializing Spring embedded WebApplicationContext
2026-03-14T12:07:03.011+05:30  INFO 4048 --- [appointment-service] [           main] w.s.c.ServletWebServerApplicationContext : Root WebApplicationContext: initialization completed in 2111 ms
2026-03-14T12:07:03.075+05:30  INFO 4048 --- [appointment-service] [           main] com.zaxxer.hikari.HikariDataSource       : HikariPool-1 - Starting...
2026-03-14T12:07:03.410+05:30  INFO 4048 --- [appointment-service] [           main] com.zaxxer.hikari.pool.HikariPool        : HikariPool-1 - Added connection conn0: url=jdbc:h2:mem:appointmentdb user=SA
2026-03-14T12:07:03.413+05:30  INFO 4048 --- [appointment-service] [           main] com.zaxxer.hikari.HikariDataSource       : HikariPool-1 - Start completed.
2026-03-14T12:07:03.427+05:30  INFO 4048 --- [appointment-service] [           main] o.s.b.a.h2.H2ConsoleAutoConfiguration    : H2 console available at '/h2-console'. Database available at 'jdbc:h2:mem:appointmentdb'
2026-03-14T12:07:03.628+05:30  INFO 4048 --- [appointment-service] [           main] o.hibernate.jpa.internal.util.LogHelper  : HHH000204: Processing PersistenceUnitInfo [name: default]
2026-03-14T12:07:03.705+05:30  INFO 4048 --- [appointment-service] [           main] org.hibernate.Version                    : HHH000412: Hibernate ORM core version 6.4.4.Final
2026-03-14T12:07:03.752+05:30  INFO 4048 --- [appointment-service] [           main] o.h.c.internal.RegionFactoryInitiator    : HHH000026: Second-level cache disabled
2026-03-14T12:07:04.006+05:30  INFO 4048 --- [appointment-service] [           main] o.s.o.j.p.SpringPersistenceUnitInfo      : No LoadTimeWeaver setup: ignoring JPA class transformer
2026-03-14T12:07:04.057+05:30  WARN 4048 --- [appointment-service] [           main] org.hibernate.orm.deprecation            : HHH90000025: H2Dialect does not need to be specified explicitly using 'hibernate.dialect' (remove the property setting and it will be selected by default)
2026-03-14T12:07:04.773+05:30  INFO 4048 --- [appointment-service] [           main] o.h.e.t.j.p.i.JtaPlatformInitiator       : HHH000489: No JTA platform available (set 'hibernate.transaction.jta.platform' to enable JTA platform integration)
2026-03-14T12:07:04.836+05:30  INFO 4048 --- [appointment-service] [           main] j.LocalContainerEntityManagerFactoryBean : Initialized JPA EntityManagerFactory for persistence unit 'default'
2026-03-14T12:07:05.201+05:30  WARN 4048 --- [appointment-service] [           main] JpaBaseConfiguration$JpaWebConfiguration : spring.jpa.open-in-view is enabled by default. Therefore, database queries may be performed during view rendering. Explicitly configure spring.jpa.open-in-view to disable this warning
2026-03-14T12:07:05.291+05:30  INFO 4048 --- [appointment-service] [           main] o.s.c.openfeign.FeignClientFactoryBean   : For 'doctor-service' URL not provided. Will try picking an instance via load-balancing.
2026-03-14T12:07:06.795+05:30  INFO 4048 --- [appointment-service] [           main] o.s.cloud.commons.util.InetUtils         : Cannot determine local hostname
2026-03-14T12:07:06.830+05:30  INFO 4048 --- [appointment-service] [           main] DiscoveryClientOptionalArgsConfiguration : Eureka HTTP Client uses RestTemplate.
2026-03-14T12:07:07.842+05:30  INFO 4048 --- [appointment-service] [           main] o.s.cloud.commons.util.InetUtils         : Cannot determine local hostname
2026-03-14T12:07:07.878+05:30  WARN 4048 --- [appointment-service] [           main] iguration$LoadBalancerCaffeineWarnLogger : Spring Cloud LoadBalancer is currently working with the default cache. While this cache implementation is useful for development and tests, it's recommended to use Caffeine cache in production.You can switch to using Caffeine cache, by adding it and org.springframework.cache.caffeine.CaffeineCacheManager to the classpath.
2026-03-14T12:07:07.907+05:30  INFO 4048 --- [appointment-service] [           main] o.s.c.n.eureka.InstanceInfoFactory       : Setting initial instance status as: STARTING
2026-03-14T12:07:08.044+05:30  INFO 4048 --- [appointment-service] [           main] com.netflix.discovery.DiscoveryClient    : Initializing Eureka in region us-east-1
2026-03-14T12:07:08.049+05:30  INFO 4048 --- [appointment-service] [           main] c.n.d.s.r.aws.ConfigClusterResolver      : Resolving eureka endpoints via configuration
2026-03-14T12:07:08.075+05:30  INFO 4048 --- [appointment-service] [           main] com.netflix.discovery.DiscoveryClient    : Disable delta property : false
2026-03-14T12:07:08.076+05:30  INFO 4048 --- [appointment-service] [           main] com.netflix.discovery.DiscoveryClient    : Single vip registry refresh property : null
2026-03-14T12:07:08.076+05:30  INFO 4048 --- [appointment-service] [           main] com.netflix.discovery.DiscoveryClient    : Force full registry fetch : false
2026-03-14T12:07:08.076+05:30  INFO 4048 --- [appointment-service] [           main] com.netflix.discovery.DiscoveryClient    : Application is null : false
2026-03-14T12:07:08.076+05:30  INFO 4048 --- [appointment-service] [           main] com.netflix.discovery.DiscoveryClient    : Registered Applications size is zero : true
2026-03-14T12:07:08.076+05:30  INFO 4048 --- [appointment-service] [           main] com.netflix.discovery.DiscoveryClient    : Application version is -1: true
2026-03-14T12:07:08.076+05:30  INFO 4048 --- [appointment-service] [           main] com.netflix.discovery.DiscoveryClient    : Getting all instance registry info from the eureka server
2026-03-14T12:07:08.633+05:30  INFO 4048 --- [appointment-service] [           main] com.netflix.discovery.DiscoveryClient    : The response status is 200
2026-03-14T12:07:08.636+05:30  INFO 4048 --- [appointment-service] [           main] com.netflix.discovery.DiscoveryClient    : Starting heartbeat executor: renew interval is: 30
2026-03-14T12:07:08.639+05:30  INFO 4048 --- [appointment-service] [           main] c.n.discovery.InstanceInfoReplicator     : InstanceInfoReplicator onDemand update allowed rate per min is 4
2026-03-14T12:07:08.646+05:30  INFO 4048 --- [appointment-service] [           main] com.netflix.discovery.DiscoveryClient    : Discovery Client initialized at timestamp 1773470228645 with initial instances count: 4
2026-03-14T12:07:08.651+05:30  INFO 4048 --- [appointment-service] [           main] o.s.c.n.e.s.EurekaServiceRegistry        : Registering application APPOINTMENT-SERVICE with eureka with status UP
2026-03-14T12:07:08.651+05:30  INFO 4048 --- [appointment-service] [           main] com.netflix.discovery.DiscoveryClient    : Saw local status change event StatusChangeEvent [timestamp=1773470228651, current=UP, previous=STARTING]
2026-03-14T12:07:08.653+05:30  INFO 4048 --- [appointment-service] [nfoReplicator-0] com.netflix.discovery.DiscoveryClient    : DiscoveryClient_APPOINTMENT-SERVICE/localhost:appointment-service:8083: registering service...
2026-03-14T12:07:08.662+05:30  INFO 4048 --- [appointment-service] [           main] o.s.c.n.e.s.EurekaServiceRegistry        : Unregistering application APPOINTMENT-SERVICE with eureka with status DOWN
2026-03-14T12:07:08.662+05:30  INFO 4048 --- [appointment-service] [           main] com.netflix.discovery.DiscoveryClient    : Saw local status change event StatusChangeEvent [timestamp=1773470228662, current=DOWN, previous=UP]
2026-03-14T12:07:08.663+05:30  WARN 4048 --- [appointment-service] [           main] ConfigServletWebServerApplicationContext : Exception encountered during context initialization - cancelling refresh attempt: org.springframework.context.ApplicationContextException: Failed to start bean 'webServerStartStop'
2026-03-14T12:07:08.666+05:30  INFO 4048 --- [appointment-service] [           main] j.LocalContainerEntityManagerFactoryBean : Closing JPA EntityManagerFactory for persistence unit 'default'
2026-03-14T12:07:08.670+05:30  INFO 4048 --- [appointment-service] [           main] com.zaxxer.hikari.HikariDataSource       : HikariPool-1 - Shutdown initiated...
2026-03-14T12:07:08.674+05:30  INFO 4048 --- [appointment-service] [           main] com.zaxxer.hikari.HikariDataSource       : HikariPool-1 - Shutdown completed.
2026-03-14T12:07:08.675+05:30  INFO 4048 --- [appointment-service] [           main] com.netflix.discovery.DiscoveryClient    : Shutting down DiscoveryClient ...
2026-03-14T12:07:08.715+05:30  INFO 4048 --- [appointment-service] [nfoReplicator-0] com.netflix.discovery.DiscoveryClient    : DiscoveryClient_APPOINTMENT-SERVICE/localhost:appointment-service:8083 - registration status: 204
2026-03-14T12:07:08.716+05:30  INFO 4048 --- [appointment-service] [nfoReplicator-0] com.netflix.discovery.DiscoveryClient    : DiscoveryClient_APPOINTMENT-SERVICE/localhost:appointment-service:8083: registering service...
2026-03-14T12:07:08.721+05:30  INFO 4048 --- [appointment-service] [nfoReplicator-0] com.netflix.discovery.DiscoveryClient    : DiscoveryClient_APPOINTMENT-SERVICE/localhost:appointment-service:8083 - registration status: 204
2026-03-14T12:07:08.724+05:30  INFO 4048 --- [appointment-service] [           main] com.netflix.discovery.DiscoveryClient    : Unregistering ...
2026-03-14T12:07:08.729+05:30  INFO 4048 --- [appointment-service] [           main] com.netflix.discovery.DiscoveryClient    : DiscoveryClient_APPOINTMENT-SERVICE/localhost:appointment-service:8083 - deregister  status: 200
2026-03-14T12:07:08.735+05:30  INFO 4048 --- [appointment-service] [           main] com.netflix.discovery.DiscoveryClient    : Completed shut down of DiscoveryClient
2026-03-14T12:07:08.752+05:30  INFO 4048 --- [appointment-service] [           main] .s.b.a.l.ConditionEvaluationReportLogger : 

Error starting ApplicationContext. To display the condition evaluation report re-run your application with 'debug' enabled.
2026-03-14T12:07:08.774+05:30 ERROR 4048 --- [appointment-service] [           main] o.s.b.d.LoggingFailureAnalysisReporter   : 

***************************
APPLICATION FAILED TO START
***************************

Description:

Web server failed to start. Port 8083 was already in use.

Action:

Identify and stop the process that's listening on port 8083 or configure this application to listen on another port.

